Failed to deserialize query string: missing field `name`