<!DOCTYPE html>
<html lang="en">
<head>
    <meta charset="utf-8">
    <meta name="color-scheme" content="light dark">
    <title>422 Unprocessable Entity</title>
</head>
<body align="center">
    <div role="main" align="center">
        <h1>422: Unprocessable Entity</h1>
        <p>The request was well-formed but was unable to be followed due to semantic errors.</p>
        <hr />
    </div>
    <div role="contentinfo" align="center">
        <small>Rocket</small>
    </div>
</body>
</html>