error: the previous template error derives from
   --> tests/ui/excessive_nesting.rs:5:14
    |
5   |       source = "
    |  ______________^
6   | |     {%if 1%}{%if 1%}{%if 1%}{%if 1%}{%if 1%}{%if 1%}{%if 1%}{%if 1%}{%if 1%}{%if 1%}
7   | |     {%if 1%}{%if 1%}{%if 1%}{%if 1%}{%if 1%}{%if 1%}{%if 1%}{%if 1%}{%if 1%}{%if 1%}
8   | |     {%if 1%}{%if 1%}{%if 1%}{%if 1%}{%if 1%}{%if 1%}{%if 1%}{%if 1%}{%if 1%}{%if 1%}
...   |
114 | |     {%if 1%}{%if 1%}{%if 1%}{%if 1%}{%if 1%}{%if 1%}{%if 1%}{%if 1%}{%if 1%}{%if 1%} 1000
115 | |     ",
    | |_____^
