error: the previous template error derives from
 --> tests/ui/include-a-folder.rs:4:34
  |
4 | #[template(ext = "txt", source = r#"{% include "a_file_that_is_actually_a_folder.html" %}"#)]
  |                                  ^^^^^^^^^^^^^^^^^^^^^^^^^^^^^^^^^^^^^^^^^^^^^^^^^^^^^^^^^^
