error: the previous template error derives from
  --> tests/ui/let_destructuring_has_rest.rs:9:21
   |
9  |   #[template(source = "
   |  _____________________^
10 | | {%- if let X { a, .., } = x -%}hello {{ a }}{%- endif -%}
11 | | ", ext = "html")]
   | |_^

error: the previous template error derives from
  --> tests/ui/let_destructuring_has_rest.rs:17:21
   |
17 |   #[template(source = "
   |  _____________________^
18 | | {%- if let X { a .. } = x -%}hello {{ a }}{%- endif -%}
19 | | ", ext = "html")]
   | |_^

error: the previous template error derives from
  --> tests/ui/let_destructuring_has_rest.rs:25:21
   |
25 |   #[template(source = "
   |  _____________________^
26 | | {%- if let X { a, 1 } = x -%}hello {{ a }}{%- endif -%}
27 | | ", ext = "html")]
   | |_^

error: the previous template error derives from
  --> tests/ui/let_destructuring_has_rest.rs:33:21
   |
33 |   #[template(source = "
   |  _____________________^
34 | | {%- if let X { a, .., b } = x -%}hello {{ a }}{%- endif -%}
35 | | ", ext = "html")]
   | |_^

error: the previous template error derives from
  --> tests/ui/let_destructuring_has_rest.rs:41:21
   |
41 |   #[template(source = "
   |  _____________________^
42 | | {%- if let X { .., b } = x -%}hello {{ a }}{%- endif -%}
43 | | ", ext = "html")]
   | |_^
