error: the previous template error derives from
 --> tests/ui/lit_on_assignment_lhs.rs:5:14
  |
5 |     source = "{%let 7=x%}",
  |              ^^^^^^^^^^^^^
