error: the previous template error derives from
 --> tests/ui/loop_cycle_empty.rs:5:14
  |
5 |     source = r#"{% for v in values %}{{ loop.cycle([]) }}{{ v }},{% endfor %}"#,
  |              ^^^^^^^^^^^^^^^^^^^^^^^^^^^^^^^^^^^^^^^^^^^^^^^^^^^^^^^^^^^^^^^^^^
