error: the previous template error derives from
 --> tests/ui/macro-super.rs:4:21
  |
4 | #[template(source = "{%- macro super() -%}{%- endmacro -%}", ext = "html")]
  |                     ^^^^^^^^^^^^^^^^^^^^^^^^^^^^^^^^^^^^^^^
