error: the previous template error derives from
 --> tests/ui/transclude-missing.rs:4:19
  |
4 | #[template(path = "transclude-there.html")]
  |                   ^^^^^^^^^^^^^^^^^^^^^^^

error: the previous template error derives from
 --> tests/ui/transclude-missing.rs:8:21
  |
8 | #[template(source = r#"{% include "transclude-there.html" %}"#, ext = "html")]
  |                     ^^^^^^^^^^^^^^^^^^^^^^^^^^^^^^^^^^^^^^^^^^
