error: the previous template error derives from
 --> tests/ui/typo_in_keyword.rs:5:14
  |
5 |     source = "{%for i in 1..=10%}{{i}}{%endfo%}\n1234567890123456789012345678901234567890",
  |              ^^^^^^^^^^^^^^^^^^^^^^^^^^^^^^^^^^^^^^^^^^^^^^^^^^^^^^^^^^^^^^^^^^^^^^^^^^^^^
